// Jest Snapshot v1, https://goo.gl/fbAQLP

exports[`Editable Component should render the form correctly 1`] = `
ShallowWrapper {
  "length": 1,
  Symbol(enzyme.__root__): [Circular],
  Symbol(enzyme.__unrendered__): <Editable
    editing={[MockFunction]}
    onDelete={[MockFunction]}
    onEdit={[MockFunction]}
    onValueClick={[MockFunction]}
    value={[MockFunction]}
  />,
  Symbol(enzyme.__renderer__): Object {
    "batchedUpdates": [Function],
    "getNode": [Function],
    "render": [Function],
    "simulateEvent": [Function],
    "unmount": [Function],
  },
  Symbol(enzyme.__node__): Object {
    "instance": null,
    "key": undefined,
    "nodeType": "host",
    "props": Object {
      "children": <input
        autoFocus={true}
        defaultValue={[MockFunction]}
        onBlur={[Function]}
        onKeyPress={[Function]}
        type="text"
      />,
      "onDelete": [MockFunction],
    },
    "ref": null,
    "rendered": Object {
      "instance": null,
      "key": undefined,
      "nodeType": "host",
      "props": Object {
        "autoFocus": true,
        "defaultValue": [MockFunction],
        "onBlur": [Function],
        "onKeyPress": [Function],
        "type": "text",
      },
      "ref": [Function],
      "rendered": null,
      "type": "input",
    },
    "type": "div",
  },
  Symbol(enzyme.__nodes__): Array [
    Object {
      "instance": null,
      "key": undefined,
      "nodeType": "host",
      "props": Object {
        "children": <input
          autoFocus={true}
          defaultValue={[MockFunction]}
          onBlur={[Function]}
          onKeyPress={[Function]}
          type="text"
        />,
        "onDelete": [MockFunction],
      },
      "ref": null,
      "rendered": Object {
        "instance": null,
        "key": undefined,
        "nodeType": "host",
        "props": Object {
          "autoFocus": true,
          "defaultValue": [MockFunction],
          "onBlur": [Function],
          "onKeyPress": [Function],
          "type": "text",
        },
        "ref": [Function],
        "rendered": null,
        "type": "input",
      },
      "type": "div",
    },
  ],
  Symbol(enzyme.__options__): Object {
    "adapter": ReactSixteenAdapter {
      "options": Object {
        "enableComponentDidUpdateOnSetState": true,
      },
    },
  },
}
`;
